Archive member included to satisfy reference by file (symbol)

../libopencm3/lib/libopencm3_stm32f0.a(rcc.o)
                              eeprom.o (rcc_apb1_frequency)
../libopencm3/lib/libopencm3_stm32f0.a(usart.o)
                              gps.o (usart_set_baudrate)
../libopencm3/lib/libopencm3_stm32f0.a(gpio_common_all.o)
                              led.o (gpio_set)
../libopencm3/lib/libopencm3_stm32f0.a(gpio_common_f0234.o)
                              led.o (gpio_mode_setup)
../libopencm3/lib/libopencm3_stm32f0.a(iwdg_common_all.o)
                              main.o (iwdg_start)
../libopencm3/lib/libopencm3_stm32f0.a(spi_common_all.o)
                              baro_ms5611.o (spi_enable)
../libopencm3/lib/libopencm3_stm32f0.a(spi_common_f03.o)
                              baro_ms5611.o (spi_send8)
../libopencm3/lib/libopencm3_stm32f0.a(flash_common_f01.o)
                              ../libopencm3/lib/libopencm3_stm32f0.a(rcc.o) (flash_set_ws)
../libopencm3/lib/libopencm3_stm32f0.a(rcc_common_all.o)
                              ../libopencm3/lib/libopencm3_stm32f0.a(spi_common_all.o) (rcc_periph_reset_pulse)
../libopencm3/lib/libopencm3_stm32f0.a(vector.o)
                              (reset_handler)
../libopencm3/lib/libopencm3_stm32f0.a(assert.o)
                              ../libopencm3/lib/libopencm3_stm32f0.a(rcc.o) (cm3_assert_failed)
../libopencm3/lib/libopencm3_stm32f0.a(flash.o)
                              ../libopencm3/lib/libopencm3_stm32f0.a(flash_common_f01.o) (flash_get_status_flags)
/usr/bin/../lib/gcc/arm-none-eabi/5.4.1/../../../../arm-none-eabi/lib/armv6-m/libc.a(lib_a-memcpy-stub.o)
                              gps.o (memcpy)
/usr/bin/../lib/gcc/arm-none-eabi/5.4.1/../../../../arm-none-eabi/lib/armv6-m/libc.a(lib_a-memset.o)
                              gps.o (memset)
/usr/bin/../lib/gcc/arm-none-eabi/5.4.1/../../../../arm-none-eabi/lib/armv6-m/libc.a(lib_a-sprintf.o)
                              main.o (sprintf)
/usr/bin/../lib/gcc/arm-none-eabi/5.4.1/../../../../arm-none-eabi/lib/armv6-m/libc.a(lib_a-svfprintf.o)
                              /usr/bin/../lib/gcc/arm-none-eabi/5.4.1/../../../../arm-none-eabi/lib/armv6-m/libc.a(lib_a-sprintf.o) (_svfprintf_r)
/usr/bin/../lib/gcc/arm-none-eabi/5.4.1/../../../../arm-none-eabi/lib/armv6-m/libc.a(lib_a-dtoa.o)
                              /usr/bin/../lib/gcc/arm-none-eabi/5.4.1/../../../../arm-none-eabi/lib/armv6-m/libc.a(lib_a-svfprintf.o) (_dtoa_r)
/usr/bin/../lib/gcc/arm-none-eabi/5.4.1/../../../../arm-none-eabi/lib/armv6-m/libc.a(lib_a-impure.o)
                              /usr/bin/../lib/gcc/arm-none-eabi/5.4.1/../../../../arm-none-eabi/lib/armv6-m/libc.a(lib_a-sprintf.o) (_impure_ptr)
/usr/bin/../lib/gcc/arm-none-eabi/5.4.1/../../../../arm-none-eabi/lib/armv6-m/libc.a(lib_a-locale.o)
                              /usr/bin/../lib/gcc/arm-none-eabi/5.4.1/../../../../arm-none-eabi/lib/armv6-m/libc.a(lib_a-svfprintf.o) (_localeconv_r)
/usr/bin/../lib/gcc/arm-none-eabi/5.4.1/../../../../arm-none-eabi/lib/armv6-m/libc.a(lib_a-mallocr.o)
                              /usr/bin/../lib/gcc/arm-none-eabi/5.4.1/../../../../arm-none-eabi/lib/armv6-m/libc.a(lib_a-svfprintf.o) (_malloc_r)
/usr/bin/../lib/gcc/arm-none-eabi/5.4.1/../../../../arm-none-eabi/lib/armv6-m/libc.a(lib_a-memchr-stub.o)
                              /usr/bin/../lib/gcc/arm-none-eabi/5.4.1/../../../../arm-none-eabi/lib/armv6-m/libc.a(lib_a-svfprintf.o) (memchr)
/usr/bin/../lib/gcc/arm-none-eabi/5.4.1/../../../../arm-none-eabi/lib/armv6-m/libc.a(lib_a-mlock.o)
                              /usr/bin/../lib/gcc/arm-none-eabi/5.4.1/../../../../arm-none-eabi/lib/armv6-m/libc.a(lib_a-mallocr.o) (__malloc_lock)
/usr/bin/../lib/gcc/arm-none-eabi/5.4.1/../../../../arm-none-eabi/lib/armv6-m/libc.a(lib_a-mprec.o)
                              /usr/bin/../lib/gcc/arm-none-eabi/5.4.1/../../../../arm-none-eabi/lib/armv6-m/libc.a(lib_a-dtoa.o) (_Balloc)
/usr/bin/../lib/gcc/arm-none-eabi/5.4.1/../../../../arm-none-eabi/lib/armv6-m/libc.a(lib_a-sbrkr.o)
                              /usr/bin/../lib/gcc/arm-none-eabi/5.4.1/../../../../arm-none-eabi/lib/armv6-m/libc.a(lib_a-mallocr.o) (_sbrk_r)
/usr/bin/../lib/gcc/arm-none-eabi/5.4.1/../../../../arm-none-eabi/lib/armv6-m/libc.a(lib_a-strcmp.o)
                              /usr/bin/../lib/gcc/arm-none-eabi/5.4.1/../../../../arm-none-eabi/lib/armv6-m/libc.a(lib_a-locale.o) (strcmp)
/usr/bin/../lib/gcc/arm-none-eabi/5.4.1/../../../../arm-none-eabi/lib/armv6-m/libc.a(lib_a-strlen-stub.o)
                              /usr/bin/../lib/gcc/arm-none-eabi/5.4.1/../../../../arm-none-eabi/lib/armv6-m/libc.a(lib_a-svfprintf.o) (strlen)
/usr/bin/../lib/gcc/arm-none-eabi/5.4.1/../../../../arm-none-eabi/lib/armv6-m/libc.a(lib_a-svfiprintf.o)
                              /usr/bin/../lib/gcc/arm-none-eabi/5.4.1/../../../../arm-none-eabi/lib/armv6-m/libc.a(lib_a-svfprintf.o) (__ssprint_r)
[...]
Memory Configuration

Name             Origin             Length             Attributes
rom              0x0000000008000000 0x0000000000020000 xr
ram              0x0000000020000000 0x0000000000004000 xrw
*default*        0x0000000000000000 0xffffffffffffffff

Linker script and memory map

LOAD eeprom.o
LOAD gps.o
LOAD led.o
LOAD baro_ms5611.o
LOAD main.o
LOAD ../libopencm3/lib/libopencm3_stm32f0.a
START GROUP
LOAD /usr/bin/../lib/gcc/arm-none-eabi/5.4.1/../../../../arm-none-eabi/lib/armv6-m/libc.a
LOAD /usr/bin/../lib/gcc/arm-none-eabi/5.4.1/armv6-m/libgcc.a
LOAD /usr/bin/../lib/gcc/arm-none-eabi/5.4.1/../../../../arm-none-eabi/lib/armv6-m/libnosys.a
END GROUP
START GROUP
LOAD /usr/bin/../lib/gcc/arm-none-eabi/5.4.1/armv6-m/libgcc.a
LOAD /usr/bin/../lib/gcc/arm-none-eabi/5.4.1/../../../../arm-none-eabi/lib/armv6-m/libc.a
END GROUP

.text           0x0000000008000000     0x7074
 *(.vectors)
 .vectors       0x0000000008000000       0xc0 ../libopencm3/lib/libopencm3_stm32f0.a(vector.o)
                0x0000000008000000                vector_table
 *(.text*)
 .text._eeprom_send_7bit_address_blocking
                0x00000000080000c0       0x20 eeprom.o
                0x00000000080000c0                _eeprom_send_7bit_address_blocking
 .text._eeprom_send_blocking
                0x00000000080000e0       0x20 eeprom.o
                0x00000000080000e0                _eeprom_send_blocking
 .text.eeprom_write_dword
                0x0000000008000100       0x44 eeprom.o
                0x0000000008000100                eeprom_write_dword
 .text._eeprom_read_blocking
                0x0000000008000144       0x20 eeprom.o
                0x0000000008000144                _eeprom_read_blocking
 .text.eeprom_read
                0x0000000008000164       0x3c eeprom.o
                0x0000000008000164                eeprom_read
 .text.eeprom_read_dword
                0x00000000080001a0       0x46 eeprom.o
                0x00000000080001a0                eeprom_read_dword
 *fill*         0x00000000080001e6        0x2 
 .text._i2c_set_speed
                0x00000000080001e8       0x64 eeprom.o
                0x00000000080001e8                _i2c_set_speed
 .text.eeprom_init
                0x000000000800024c       0x20 eeprom.o
                0x000000000800024c                eeprom_init
 .text._gps_ubx_checksum
                0x000000000800026c       0x24 gps.o
                0x000000000800026c                _gps_ubx_checksum
 .text._gps_verify_checksum
                0x0000000008000290       0x2e gps.o
                0x0000000008000290                _gps_verify_checksum
 *fill*         0x00000000080002be        0x2 
 .text._gps_get_byte
                0x00000000080002c0       0x10 gps.o
                0x00000000080002c0                _gps_get_byte
 .text._gps_flush_buffer
                0x00000000080002d0       0x20 gps.o
                0x00000000080002d0                _gps_flush_buffer
 .text._gps_send_msg
                0x00000000080002f0       0x24 gps.o
                0x00000000080002f0                _gps_send_msg
 .text.gps_get_position
                0x0000000008000314       0xa4 gps.o
                0x0000000008000314                gps_get_position
 .text.gps_get_time
                0x00000000080003b8       0x84 gps.o
                0x00000000080003b8                gps_get_time
 .text.gps_check_lock
                0x000000000800043c       0x84 gps.o
                0x000000000800043c                gps_check_lock
 .text.gps_set_mode
                0x00000000080004c0       0x9e gps.o
                0x00000000080004c0                gps_set_mode
 *fill*         0x000000000800055e        0x2 
 .text.gps_check_nav
                0x0000000008000560       0x88 gps.o
                0x0000000008000560                gps_check_nav
 .text._gps_set_baud
                0x00000000080005e8       0xfc gps.o
                0x00000000080005e8                _gps_set_baud
 .text.gps_init
                0x00000000080006e4       0x50 gps.o
                0x00000000080006e4                gps_init
 .text.led_init
                0x0000000008000734       0x20 led.o
                0x0000000008000734                led_init
 .text.led_set  0x0000000008000754       0x64 led.o
                0x0000000008000754                led_set
 .text.startup.main
                0x00000000080007b8      0x148 main.o
                0x00000000080007b8                main
 .text.usart_set_baudrate
                0x0000000008000900       0x1c ../libopencm3/lib/libopencm3_stm32f0.a(usart.o)
                0x0000000008000900                usart_set_baudrate
 .text.usart_set_databits
                0x000000000800091c       0x1c ../libopencm3/lib/libopencm3_stm32f0.a(usart.o)
                0x000000000800091c                usart_set_databits
 .text.usart_set_stopbits
                0x0000000008000938       0x10 ../libopencm3/lib/libopencm3_stm32f0.a(usart.o)
                0x0000000008000938                usart_set_stopbits
 .text.usart_set_parity
                0x0000000008000948       0x10 ../libopencm3/lib/libopencm3_stm32f0.a(usart.o)
                0x0000000008000948                usart_set_parity
 .text.usart_set_mode
                0x0000000008000958        0xc ../libopencm3/lib/libopencm3_stm32f0.a(usart.o)
                0x0000000008000958                usart_set_mode
 .text.usart_set_flow_control
                0x0000000008000964       0x10 ../libopencm3/lib/libopencm3_stm32f0.a(usart.o)
                0x0000000008000964                usart_set_flow_control
 .text.usart_enable
                0x0000000008000974        0xa ../libopencm3/lib/libopencm3_stm32f0.a(usart.o)
                0x0000000008000974                usart_enable
 .text.usart_recv
                0x000000000800097e        0x8 ../libopencm3/lib/libopencm3_stm32f0.a(usart.o)
                0x000000000800097e                usart_recv
 .text.usart_wait_send_ready
                0x0000000008000986        0xa ../libopencm3/lib/libopencm3_stm32f0.a(usart.o)
                0x0000000008000986                usart_wait_send_ready
 .text.usart_wait_recv_ready
                0x0000000008000990        0xa ../libopencm3/lib/libopencm3_stm32f0.a(usart.o)
                0x0000000008000990                usart_wait_recv_ready
 .text.usart_send_blocking
                0x000000000800099a       0x10 ../libopencm3/lib/libopencm3_stm32f0.a(usart.o)
                0x000000000800099a                usart_send_blocking
 .text.usart_recv_blocking
                0x00000000080009aa       0x10 ../libopencm3/lib/libopencm3_stm32f0.a(usart.o)
                0x00000000080009aa                usart_recv_blocking
 .text.gpio_set
                0x00000000080009ba        0x4 ../libopencm3/lib/libopencm3_stm32f0.a(gpio_common_all.o)
                0x00000000080009ba                gpio_set
 .text.gpio_clear
                0x00000000080009be        0x6 ../libopencm3/lib/libopencm3_stm32f0.a(gpio_common_all.o)
                0x00000000080009be                gpio_clear
 .text.gpio_toggle
                0x00000000080009c4       0x10 ../libopencm3/lib/libopencm3_stm32f0.a(gpio_common_all.o)
                0x00000000080009c4                gpio_toggle
 .text.gpio_mode_setup
                0x00000000080009d4       0x3a ../libopencm3/lib/libopencm3_stm32f0.a(gpio_common_f0234.o)
                0x00000000080009d4                gpio_mode_setup
 .text.gpio_set_output_options
                0x0000000008000a0e       0x3a ../libopencm3/lib/libopencm3_stm32f0.a(gpio_common_f0234.o)
                0x0000000008000a0e                gpio_set_output_options
 .text.iwdg_start
                0x0000000008000a48       0x10 ../libopencm3/lib/libopencm3_stm32f0.a(iwdg_common_all.o)
                0x0000000008000a48                iwdg_start
 .text.iwdg_reload_busy
                0x0000000008000a58       0x10 ../libopencm3/lib/libopencm3_stm32f0.a(iwdg_common_all.o)
                0x0000000008000a58                iwdg_reload_busy
 .text.iwdg_prescaler_busy
                0x0000000008000a68       0x10 ../libopencm3/lib/libopencm3_stm32f0.a(iwdg_common_all.o)
                0x0000000008000a68                iwdg_prescaler_busy
 .text.iwdg_set_period_ms
                0x0000000008000a78       0x94 ../libopencm3/lib/libopencm3_stm32f0.a(iwdg_common_all.o)
                0x0000000008000a78                iwdg_set_period_ms
 .text.iwdg_reset
                0x0000000008000b0c       0x10 ../libopencm3/lib/libopencm3_stm32f0.a(iwdg_common_all.o)
                0x0000000008000b0c                iwdg_reset
 .text.blocking_handler
                0x0000000008000b1c        0x2 ../libopencm3/lib/libopencm3_stm32f0.a(vector.o)
                0x0000000008000b1c                rtc_isr
                0x0000000008000b1c                tim7_isr
                0x0000000008000b1c                blocking_handler
                0x0000000008000b1c                tsc_isr
                0x0000000008000b1c                spi1_isr
                0x0000000008000b1c                i2c1_isr
                0x0000000008000b1c                tim17_isr
                0x0000000008000b1c                i2c2_isr
                0x0000000008000b1c                usart1_isr
                0x0000000008000b1c                usart3_4_isr
                0x0000000008000b1c                tim1_cc_isr
                0x0000000008000b1c                exti2_3_isr
                0x0000000008000b1c                tim16_isr
                0x0000000008000b1c                pvd_isr
                0x0000000008000b1c                rcc_isr
                0x0000000008000b1c                flash_isr
                0x0000000008000b1c                hard_fault_handler
                0x0000000008000b1c                tim14_isr
                0x0000000008000b1c                spi2_isr
                0x0000000008000b1c                usb_isr
                0x0000000008000b1c                tim15_isr
                0x0000000008000b1c                tim3_isr
                0x0000000008000b1c                usart2_isr
                0x0000000008000b1c                adc_comp_isr
                0x0000000008000b1c                dma1_channel1_isr
                0x0000000008000b1c                tim6_dac_isr
                0x0000000008000b1c                tim1_brk_up_trg_com_isr
                0x0000000008000b1c                dma1_channel2_3_isr
                0x0000000008000b1c                exti4_15_isr
                0x0000000008000b1c                cec_can_isr
                0x0000000008000b1c                wwdg_isr
                0x0000000008000b1c                tim2_isr
                0x0000000008000b1c                dma1_channel4_5_isr
                0x0000000008000b1c                exti0_1_isr
 .text.null_handler
                0x0000000008000b1e        0x2 ../libopencm3/lib/libopencm3_stm32f0.a(vector.o)
                0x0000000008000b1e                null_handler
                0x0000000008000b1e                sv_call_handler
                0x0000000008000b1e                pend_sv_handler
                0x0000000008000b1e                sys_tick_handler
                0x0000000008000b1e                nmi_handler
 .text.reset_handler
                0x0000000008000b20       0x8c ../libopencm3/lib/libopencm3_stm32f0.a(vector.o)
                0x0000000008000b20                reset_handler
 .text.memcpy   0x0000000008000bac       0x7c /usr/bin/../lib/gcc/arm-none-eabi/5.4.1/../../../../arm-none-eabi/lib/armv6-m/libc.a(lib_a-memcpy-stub.o)
                0x0000000008000bac                memcpy
 .text.memset   0x0000000008000c28       0x8c /usr/bin/../lib/gcc/arm-none-eabi/5.4.1/../../../../arm-none-eabi/lib/armv6-m/libc.a(lib_a-memset.o)
                0x0000000008000c28                memset
 .text.sprintf  0x0000000008000cb4       0x44 /usr/bin/../lib/gcc/arm-none-eabi/5.4.1/../../../../arm-none-eabi/lib/armv6-m/libc.a(lib_a-sprintf.o)
                0x0000000008000cb4                sprintf
 .text._svfprintf_r
                0x0000000008000cf8     0x1820 /usr/bin/../lib/gcc/arm-none-eabi/5.4.1/../../../../arm-none-eabi/lib/armv6-m/libc.a(lib_a-svfprintf.o)
                0x0000000008000cf8                _svfprintf_r
 .text.quorem   0x0000000008002518      0x150 /usr/bin/../lib/gcc/arm-none-eabi/5.4.1/../../../../arm-none-eabi/lib/armv6-m/libc.a(lib_a-dtoa.o)
 .text._dtoa_r  0x0000000008002668      0xf54 /usr/bin/../lib/gcc/arm-none-eabi/5.4.1/../../../../arm-none-eabi/lib/armv6-m/libc.a(lib_a-dtoa.o)
                0x0000000008002668                _dtoa_r
 .text._localeconv_r
                0x00000000080035bc        0x8 /usr/bin/../lib/gcc/arm-none-eabi/5.4.1/../../../../arm-none-eabi/lib/armv6-m/libc.a(lib_a-locale.o)
                0x00000000080035bc                _localeconv_r
 .text._malloc_r
                0x00000000080035c4      0x554 /usr/bin/../lib/gcc/arm-none-eabi/5.4.1/../../../../arm-none-eabi/lib/armv6-m/libc.a(lib_a-mallocr.o)
                0x00000000080035c4                _malloc_r
 .text.memchr   0x0000000008003b18       0x90 /usr/bin/../lib/gcc/arm-none-eabi/5.4.1/../../../../arm-none-eabi/lib/armv6-m/libc.a(lib_a-memchr-stub.o)
                0x0000000008003b18                memchr
 .text.__malloc_lock
                0x0000000008003ba8        0x4 /usr/bin/../lib/gcc/arm-none-eabi/5.4.1/../../../../arm-none-eabi/lib/armv6-m/libc.a(lib_a-mlock.o)
                0x0000000008003ba8                __malloc_lock
 .text.__malloc_unlock
                0x0000000008003bac        0x4 /usr/bin/../lib/gcc/arm-none-eabi/5.4.1/../../../../arm-none-eabi/lib/armv6-m/libc.a(lib_a-mlock.o)
                0x0000000008003bac                __malloc_unlock
 .text._Balloc  0x0000000008003bb0       0x50 /usr/bin/../lib/gcc/arm-none-eabi/5.4.1/../../../../arm-none-eabi/lib/armv6-m/libc.a(lib_a-mprec.o)
                0x0000000008003bb0                _Balloc
 .text._Bfree   0x0000000008003c00       0x14 /usr/bin/../lib/gcc/arm-none-eabi/5.4.1/../../../../arm-none-eabi/lib/armv6-m/libc.a(lib_a-mprec.o)
                0x0000000008003c00                _Bfree
 .text.__multadd
                0x0000000008003c14       0x8c /usr/bin/../lib/gcc/arm-none-eabi/5.4.1/../../../../arm-none-eabi/lib/armv6-m/libc.a(lib_a-mprec.o)
                0x0000000008003c14                __multadd
 .text.__hi0bits
                0x0000000008003ca0       0x3c /usr/bin/../lib/gcc/arm-none-eabi/5.4.1/../../../../arm-none-eabi/lib/armv6-m/libc.a(lib_a-mprec.o)
                0x0000000008003ca0                __hi0bits
 .text.__lo0bits
                0x0000000008003cdc       0x5c /usr/bin/../lib/gcc/arm-none-eabi/5.4.1/../../../../arm-none-eabi/lib/armv6-m/libc.a(lib_a-mprec.o)
                0x0000000008003cdc                __lo0bits
 .text.__i2b    0x0000000008003d38       0x14 /usr/bin/../lib/gcc/arm-none-eabi/5.4.1/../../../../arm-none-eabi/lib/armv6-m/libc.a(lib_a-mprec.o)
                0x0000000008003d38                __i2b
 .text.__multiply
                0x0000000008003d4c      0x15c /usr/bin/../lib/gcc/arm-none-eabi/5.4.1/../../../../arm-none-eabi/lib/armv6-m/libc.a(lib_a-mprec.o)
                0x0000000008003d4c                __multiply
 .text.__pow5mult
                0x0000000008003ea8       0xbc /usr/bin/../lib/gcc/arm-none-eabi/5.4.1/../../../../arm-none-eabi/lib/armv6-m/libc.a(lib_a-mprec.o)
                0x0000000008003ea8                __pow5mult
 .text.__lshift
                0x0000000008003f64       0xc0 /usr/bin/../lib/gcc/arm-none-eabi/5.4.1/../../../../arm-none-eabi/lib/armv6-m/libc.a(lib_a-mprec.o)
                0x0000000008003f64                __lshift
 .text.__mcmp   0x0000000008004024       0x3c /usr/bin/../lib/gcc/arm-none-eabi/5.4.1/../../../../arm-none-eabi/lib/armv6-m/libc.a(lib_a-mprec.o)
                0x0000000008004024                __mcmp
 .text.__mdiff  0x0000000008004060      0x11c /usr/bin/../lib/gcc/arm-none-eabi/5.4.1/../../../../arm-none-eabi/lib/armv6-m/libc.a(lib_a-mprec.o)
                0x0000000008004060                __mdiff
 .text.__d2b    0x000000000800417c       0xbc /usr/bin/../lib/gcc/arm-none-eabi/5.4.1/../../../../arm-none-eabi/lib/armv6-m/libc.a(lib_a-mprec.o)
                0x000000000800417c                __d2b
 .text._sbrk_r  0x0000000008004238       0x24 /usr/bin/../lib/gcc/arm-none-eabi/5.4.1/../../../../arm-none-eabi/lib/armv6-m/libc.a(lib_a-sbrkr.o)
                0x0000000008004238                _sbrk_r
 .text.strlen   0x000000000800425c       0x68 /usr/bin/../lib/gcc/arm-none-eabi/5.4.1/../../../../arm-none-eabi/lib/armv6-m/libc.a(lib_a-strlen-stub.o)
                0x000000000800425c                strlen
 .text.__ssprint_r
                0x00000000080042c4      0x130 /usr/bin/../lib/gcc/arm-none-eabi/5.4.1/../../../../arm-none-eabi/lib/armv6-m/libc.a(lib_a-svfiprintf.o)
                0x00000000080042c4                __ssprint_r
 .text._calloc_r
                0x00000000080043f4       0x60 /usr/bin/../lib/gcc/arm-none-eabi/5.4.1/../../../../arm-none-eabi/lib/armv6-m/libc.a(lib_a-callocr.o)
                0x00000000080043f4                _calloc_r
 .text._malloc_trim_r
                0x0000000008004454       0xa0 /usr/bin/../lib/gcc/arm-none-eabi/5.4.1/../../../../arm-none-eabi/lib/armv6-m/libc.a(lib_a-freer.o)
                0x0000000008004454                _malloc_trim_r
 .text._free_r  0x00000000080044f4      0x1c4 /usr/bin/../lib/gcc/arm-none-eabi/5.4.1/../../../../arm-none-eabi/lib/armv6-m/libc.a(lib_a-freer.o)
                0x00000000080044f4                _free_r
 .text.memmove  0x00000000080046b8       0x98 /usr/bin/../lib/gcc/arm-none-eabi/5.4.1/../../../../arm-none-eabi/lib/armv6-m/libc.a(lib_a-memmove.o)
                0x00000000080046b8                memmove
 .text._realloc_r
                0x0000000008004750      0x3dc /usr/bin/../lib/gcc/arm-none-eabi/5.4.1/../../../../arm-none-eabi/lib/armv6-m/libc.a(lib_a-reallocr.o)
                0x0000000008004750                _realloc_r
 .text          0x0000000008004b2c       0x14 /usr/bin/../lib/gcc/arm-none-eabi/5.4.1/armv6-m/libgcc.a(_thumb1_case_uqi.o)
                0x0000000008004b2c                __gnu_thumb1_case_uqi
 .text          0x0000000008004b40      0x114 /usr/bin/../lib/gcc/arm-none-eabi/5.4.1/armv6-m/libgcc.a(_udivsi3.o)
                0x0000000008004b40                __udivsi3
                0x0000000008004b40                __aeabi_uidiv
                0x0000000008004c4c                __aeabi_uidivmod
 .text          0x0000000008004c54      0x1d4 /usr/bin/../lib/gcc/arm-none-eabi/5.4.1/armv6-m/libgcc.a(_divsi3.o)
                0x0000000008004c54                __aeabi_idiv
                0x0000000008004c54                __divsi3
                0x0000000008004e20                __aeabi_idivmod
 .text          0x0000000008004e28        0x4 /usr/bin/../lib/gcc/arm-none-eabi/5.4.1/armv6-m/libgcc.a(_dvmd_tls.o)
                0x0000000008004e28                __aeabi_ldiv0
                0x0000000008004e28                __aeabi_idiv0
 .text          0x0000000008004e2c       0x7c /usr/bin/../lib/gcc/arm-none-eabi/5.4.1/armv6-m/libgcc.a(_arm_cmpdf2.o)
                0x0000000008004e2c                __aeabi_cdrcmple
                0x0000000008004e3c                __aeabi_cdcmple
                0x0000000008004e3c                __aeabi_cdcmpeq
                0x0000000008004e4c                __aeabi_dcmpeq
                0x0000000008004e58                __aeabi_dcmplt
                0x0000000008004e6c                __aeabi_dcmple
                0x0000000008004e80                __aeabi_dcmpgt
                0x0000000008004e94                __aeabi_dcmpge
 .text          0x0000000008004ea8       0x40 /usr/bin/../lib/gcc/arm-none-eabi/5.4.1/armv6-m/libgcc.a(_aeabi_uldivmod.o)
                0x0000000008004ea8                __aeabi_uldivmod
 .text          0x0000000008004ee8      0x180 /usr/bin/../lib/gcc/arm-none-eabi/5.4.1/armv6-m/libgcc.a(_udivmoddi4.o)
                0x0000000008004ee8                __udivmoddi4
 .text          0x0000000008005068      0x658 /usr/bin/../lib/gcc/arm-none-eabi/5.4.1/armv6-m/libgcc.a(adddf3.o)
                0x0000000008005068                __aeabi_dadd
 .text          0x00000000080056c0      0x62c /usr/bin/../lib/gcc/arm-none-eabi/5.4.1/armv6-m/libgcc.a(divdf3.o)
                0x00000000080056c0                __aeabi_ddiv
 .text          0x0000000008005cec       0x80 /usr/bin/../lib/gcc/arm-none-eabi/5.4.1/armv6-m/libgcc.a(eqdf2.o)
                0x0000000008005cec                __eqdf2
                0x0000000008005cec                __nedf2
 .text          0x0000000008005d6c       0xc8 /usr/bin/../lib/gcc/arm-none-eabi/5.4.1/armv6-m/libgcc.a(gedf2.o)
                0x0000000008005d6c                __gtdf2
                0x0000000008005d6c                __gedf2
 .text          0x0000000008005e34       0xd4 /usr/bin/../lib/gcc/arm-none-eabi/5.4.1/armv6-m/libgcc.a(ledf2.o)
                0x0000000008005e34                __ltdf2
                0x0000000008005e34                __ledf2
 .text          0x0000000008005f08      0x4f4 /usr/bin/../lib/gcc/arm-none-eabi/5.4.1/armv6-m/libgcc.a(muldf3.o)
                0x0000000008005f08                __aeabi_dmul
 .text          0x00000000080063fc      0x6a8 /usr/bin/../lib/gcc/arm-none-eabi/5.4.1/armv6-m/libgcc.a(subdf3.o)
                0x00000000080063fc                __aeabi_dsub
 .text          0x0000000008006aa4       0x40 /usr/bin/../lib/gcc/arm-none-eabi/5.4.1/armv6-m/libgcc.a(unorddf2.o)
                0x0000000008006aa4                __aeabi_dcmpun
 .text          0x0000000008006ae4       0x6c /usr/bin/../lib/gcc/arm-none-eabi/5.4.1/armv6-m/libgcc.a(fixdfsi.o)
                0x0000000008006ae4                __aeabi_d2iz
 .text          0x0000000008006b50       0x84 /usr/bin/../lib/gcc/arm-none-eabi/5.4.1/armv6-m/libgcc.a(floatsidf.o)
                0x0000000008006b50                __aeabi_i2d
 .text          0x0000000008006bd4       0x70 /usr/bin/../lib/gcc/arm-none-eabi/5.4.1/armv6-m/libgcc.a(floatunsidf.o)
                0x0000000008006bd4                __aeabi_ui2d
 .text          0x0000000008006c44       0x3c /usr/bin/../lib/gcc/arm-none-eabi/5.4.1/armv6-m/libgcc.a(_clzsi2.o)
                0x0000000008006c44                __clzsi2
 .text          0x0000000008006c80       0x18 /usr/bin/../lib/gcc/arm-none-eabi/5.4.1/armv6-m/libgcc.a(_clzdi2.o)
                0x0000000008006c80                __clzdi2
 .text._sbrk    0x0000000008006c98       0x1c /usr/bin/../lib/gcc/arm-none-eabi/5.4.1/../../../../arm-none-eabi/lib/armv6-m/libnosys.a(sbrk.o)
                0x0000000008006c98                _sbrk
                0x0000000008006cb4                . = ALIGN (0x4)
 *(.rodata*)
 .rodata        0x0000000008006cb4       0x20 gps.o
 .rodata.str1.1
                0x0000000008006cd4       0x38 main.o
 .rodata._svfprintf_r
                0x0000000008006d0c      0x164 /usr/bin/../lib/gcc/arm-none-eabi/5.4.1/../../../../arm-none-eabi/lib/armv6-m/libc.a(lib_a-svfprintf.o)
 .rodata.blanks.7055
                0x0000000008006e70       0x10 /usr/bin/../lib/gcc/arm-none-eabi/5.4.1/../../../../arm-none-eabi/lib/armv6-m/libc.a(lib_a-svfprintf.o)
 .rodata.str1.4
                0x0000000008006e80       0x42 /usr/bin/../lib/gcc/arm-none-eabi/5.4.1/../../../../arm-none-eabi/lib/armv6-m/libc.a(lib_a-svfprintf.o)
 *fill*         0x0000000008006ec2        0x2 
 .rodata.zeroes.7056
                0x0000000008006ec4       0x10 /usr/bin/../lib/gcc/arm-none-eabi/5.4.1/../../../../arm-none-eabi/lib/armv6-m/libc.a(lib_a-svfprintf.o)
 .rodata.str1.4
                0x0000000008006ed4       0x10 /usr/bin/../lib/gcc/arm-none-eabi/5.4.1/../../../../arm-none-eabi/lib/armv6-m/libc.a(lib_a-dtoa.o)
                                         0x12 (size before relaxing)
 .rodata.str1.4
                0x0000000008006ee4        0x2 /usr/bin/../lib/gcc/arm-none-eabi/5.4.1/../../../../arm-none-eabi/lib/armv6-m/libc.a(lib_a-impure.o)
 *fill*         0x0000000008006ee6        0x2 
 .rodata.str1.4
                0x0000000008006ee8        0xc /usr/bin/../lib/gcc/arm-none-eabi/5.4.1/../../../../arm-none-eabi/lib/armv6-m/libc.a(lib_a-locale.o)
                                         0x12 (size before relaxing)
 *fill*         0x0000000008006ef4        0x4 
 .rodata.__mprec_tens
                0x0000000008006ef8       0xc8 /usr/bin/../lib/gcc/arm-none-eabi/5.4.1/../../../../arm-none-eabi/lib/armv6-m/libc.a(lib_a-mprec.o)
                0x0000000008006ef8                __mprec_tens
 .rodata.__mprec_bigtens
                0x0000000008006fc0       0x28 /usr/bin/../lib/gcc/arm-none-eabi/5.4.1/../../../../arm-none-eabi/lib/armv6-m/libc.a(lib_a-mprec.o)
                0x0000000008006fc0                __mprec_bigtens
 .rodata.p05.5396
                0x0000000008006fe8        0xc /usr/bin/../lib/gcc/arm-none-eabi/5.4.1/../../../../arm-none-eabi/lib/armv6-m/libc.a(lib_a-mprec.o)
 .rodata        0x0000000008006ff4       0x40 /usr/bin/../lib/gcc/arm-none-eabi/5.4.1/armv6-m/libgcc.a(divdf3.o)
 .rodata        0x0000000008007034       0x40 /usr/bin/../lib/gcc/arm-none-eabi/5.4.1/armv6-m/libgcc.a(muldf3.o)
                0x0000000008007074                . = ALIGN (0x4)

.glue_7         0x0000000008007074        0x0
 .glue_7        0x0000000008007074        0x0 linker stubs

.glue_7t        0x0000000008007074        0x0
 .glue_7t       0x0000000008007074        0x0 linker stubs

.vfp11_veneer   0x0000000008007074        0x0
 .vfp11_veneer  0x0000000008007074        0x0 linker stubs

.v4_bx          0x0000000008007074        0x0
 .v4_bx         0x0000000008007074        0x0 linker stubs

.iplt           0x0000000008007074        0x0
 .iplt          0x0000000008007074        0x0 eeprom.o

.preinit_array  0x0000000008007074        0x0
                0x0000000008007074                . = ALIGN (0x4)
                0x0000000008007074                __preinit_array_start = .
 *(.preinit_array)
                0x0000000008007074                __preinit_array_end = .

.init_array     0x0000000008007074        0x0
                0x0000000008007074                . = ALIGN (0x4)
                0x0000000008007074                __init_array_start = .
 *(SORT(.init_array.*))
 *(.init_array)
                0x0000000008007074                __init_array_end = .

.fini_array     0x0000000008007074        0x0
                0x0000000008007074                . = ALIGN (0x4)
                0x0000000008007074                __fini_array_start = .
 *(.fini_array)
 *(SORT(.fini_array.*))
                0x0000000008007074                __fini_array_end = .

.ARM.extab
 *(.ARM.extab*)

.ARM.exidx      0x0000000008007074        0x8
                0x0000000008007074                __exidx_start = .
 *(.ARM.exidx*)
 .ARM.exidx     0x0000000008007074        0x8 /usr/bin/../lib/gcc/arm-none-eabi/5.4.1/armv6-m/libgcc.a(_udivmoddi4.o)
                0x000000000800707c                __exidx_end = .

.rel.dyn        0x000000000800707c        0x0
 .rel.iplt      0x000000000800707c        0x0 eeprom.o
                0x000000000800707c                . = ALIGN (0x4)
                0x000000000800707c                _etext = .

.data           0x0000000020000000      0x88c load address 0x000000000800707c
                0x0000000020000000                _data = .
 *(.data*)
 .data.pins     0x0000000020000000        0xe led.o
                0x0000000020000000                pins
 *fill*         0x000000002000000e        0x2 
 .data.rcc_apb1_frequency
                0x0000000020000010        0x4 ../libopencm3/lib/libopencm3_stm32f0.a(rcc.o)
                0x0000000020000010                rcc_apb1_frequency
 *fill*         0x0000000020000014        0x4 
 .data.impure_data
                0x0000000020000018      0x428 /usr/bin/../lib/gcc/arm-none-eabi/5.4.1/../../../../arm-none-eabi/lib/armv6-m/libc.a(lib_a-impure.o)
 .data._impure_ptr
                0x0000000020000440        0x4 /usr/bin/../lib/gcc/arm-none-eabi/5.4.1/../../../../arm-none-eabi/lib/armv6-m/libc.a(lib_a-impure.o)
                0x0000000020000440                _impure_ptr
 .data.lconv    0x0000000020000444       0x38 /usr/bin/../lib/gcc/arm-none-eabi/5.4.1/../../../../arm-none-eabi/lib/armv6-m/libc.a(lib_a-locale.o)
 .data.__malloc_av_
                0x000000002000047c      0x408 /usr/bin/../lib/gcc/arm-none-eabi/5.4.1/../../../../arm-none-eabi/lib/armv6-m/libc.a(lib_a-mallocr.o)
                0x000000002000047c                __malloc_av_
 .data.__malloc_trim_threshold
                0x0000000020000884        0x4 /usr/bin/../lib/gcc/arm-none-eabi/5.4.1/../../../../arm-none-eabi/lib/armv6-m/libc.a(lib_a-mallocr.o)
                0x0000000020000884                __malloc_trim_threshold
 .data.__malloc_sbrk_base
                0x0000000020000888        0x4 /usr/bin/../lib/gcc/arm-none-eabi/5.4.1/../../../../arm-none-eabi/lib/armv6-m/libc.a(lib_a-mallocr.o)
                0x0000000020000888                __malloc_sbrk_base
                0x000000002000088c                . = ALIGN (0x4)
                0x000000002000088c                _edata = .
                0x000000000800707c                _data_loadaddr = LOADADDR (.data)

.igot.plt       0x000000002000088c        0x0 load address 0x0000000008007908
 .igot.plt      0x000000002000088c        0x0 eeprom.o

.bss            0x000000002000088c       0xa8 load address 0x0000000008007908
 *(.bss*)
 .bss.statuses  0x000000002000088c        0x7 led.o
                0x000000002000088c                statuses
 .bss.s         0x0000000020000893       0x64 main.o
                0x0000000020000893                s
 .bss.ticks_addr
                0x00000000200008f7        0x1 main.o
                0x00000000200008f7                ticks_addr
 .bss.__malloc_max_total_mem
                0x00000000200008f8        0x4 /usr/bin/../lib/gcc/arm-none-eabi/5.4.1/../../../../arm-none-eabi/lib/armv6-m/libc.a(lib_a-mallocr.o)
                0x00000000200008f8                __malloc_max_total_mem
 .bss.__malloc_max_sbrked_mem
                0x00000000200008fc        0x4 /usr/bin/../lib/gcc/arm-none-eabi/5.4.1/../../../../arm-none-eabi/lib/armv6-m/libc.a(lib_a-mallocr.o)
                0x00000000200008fc                __malloc_max_sbrked_mem
 .bss.__malloc_top_pad
                0x0000000020000900        0x4 /usr/bin/../lib/gcc/arm-none-eabi/5.4.1/../../../../arm-none-eabi/lib/armv6-m/libc.a(lib_a-mallocr.o)
                0x0000000020000900                __malloc_top_pad
 .bss.__malloc_current_mallinfo
                0x0000000020000904       0x28 /usr/bin/../lib/gcc/arm-none-eabi/5.4.1/../../../../arm-none-eabi/lib/armv6-m/libc.a(lib_a-mallocr.o)
                0x0000000020000904                __malloc_current_mallinfo
 .bss.heap_end.4167
                0x000000002000092c        0x4 /usr/bin/../lib/gcc/arm-none-eabi/5.4.1/../../../../arm-none-eabi/lib/armv6-m/libnosys.a(sbrk.o)
 *(COMMON)
 COMMON         0x0000000020000930        0x4 /usr/bin/../lib/gcc/arm-none-eabi/5.4.1/../../../../arm-none-eabi/lib/armv6-m/libc.a(lib_a-reent.o)
                0x0000000020000930                errno
                0x0000000020000934                . = ALIGN (0x4)
                0x0000000020000934                _ebss = .

/DISCARD/
 *(.eh_frame)
                0x0000000020000934                . = ALIGN (0x4)
                0x0000000020000934                end = .
                0x0000000020004000                PROVIDE (_stack, (ORIGIN (ram) + LENGTH (ram)))
OUTPUT(main.elf elf32-littlearm)

.debug_info     0x0000000000000000     0x3126
 .debug_info    0x0000000000000000      0x5ed eeprom.o
 .debug_info    0x00000000000005ed      0xad8 gps.o
 .debug_info    0x00000000000010c5      0x50b led.o
 .debug_info    0x00000000000015d0      0x479 main.o
 .debug_info    0x0000000000001a49      0x925 ../libopencm3/lib/libopencm3_stm32f0.a(rcc.o)
 .debug_info    0x000000000000236e      0x5a4 ../libopencm3/lib/libopencm3_stm32f0.a(usart.o)
 .debug_info    0x0000000000002912      0x22c ../libopencm3/lib/libopencm3_stm32f0.a(gpio_common_all.o)
 .debug_info    0x0000000000002b3e      0x1f5 ../libopencm3/lib/libopencm3_stm32f0.a(gpio_common_f0234.o)
 .debug_info    0x0000000000002d33      0x14c ../libopencm3/lib/libopencm3_stm32f0.a(iwdg_common_all.o)
 .debug_info    0x0000000000002e7f      0x2a7 ../libopencm3/lib/libopencm3_stm32f0.a(vector.o)

.debug_abbrev   0x0000000000000000      0xdbe
 .debug_abbrev  0x0000000000000000      0x144 eeprom.o
 .debug_abbrev  0x0000000000000144      0x204 gps.o
 .debug_abbrev  0x0000000000000348      0x1ad led.o
 .debug_abbrev  0x00000000000004f5      0x12f main.o
 .debug_abbrev  0x0000000000000624      0x22d ../libopencm3/lib/libopencm3_stm32f0.a(rcc.o)
 .debug_abbrev  0x0000000000000851      0x1b3 ../libopencm3/lib/libopencm3_stm32f0.a(usart.o)
 .debug_abbrev  0x0000000000000a04      0x10e ../libopencm3/lib/libopencm3_stm32f0.a(gpio_common_all.o)
 .debug_abbrev  0x0000000000000b12       0xb7 ../libopencm3/lib/libopencm3_stm32f0.a(gpio_common_f0234.o)
 .debug_abbrev  0x0000000000000bc9       0xaf ../libopencm3/lib/libopencm3_stm32f0.a(iwdg_common_all.o)
 .debug_abbrev  0x0000000000000c78      0x146 ../libopencm3/lib/libopencm3_stm32f0.a(vector.o)

.debug_loc      0x0000000000000000     0x10cd
 .debug_loc     0x0000000000000000      0x26b eeprom.o
 .debug_loc     0x000000000000026b      0x37f gps.o
 .debug_loc     0x00000000000005ea      0x1f4 led.o
 .debug_loc     0x00000000000007de       0x50 main.o
 .debug_loc     0x000000000000082e      0x19d ../libopencm3/lib/libopencm3_stm32f0.a(rcc.o)
 .debug_loc     0x00000000000009cb      0x241 ../libopencm3/lib/libopencm3_stm32f0.a(usart.o)
 .debug_loc     0x0000000000000c0c       0x97 ../libopencm3/lib/libopencm3_stm32f0.a(gpio_common_all.o)
 .debug_loc     0x0000000000000ca3      0x173 ../libopencm3/lib/libopencm3_stm32f0.a(gpio_common_f0234.o)
 .debug_loc     0x0000000000000e16      0x1db ../libopencm3/lib/libopencm3_stm32f0.a(iwdg_common_all.o)
 .debug_loc     0x0000000000000ff1       0xdc ../libopencm3/lib/libopencm3_stm32f0.a(vector.o)

.debug_aranges  0x0000000000000000      0x418
 .debug_aranges
                0x0000000000000000       0x60 eeprom.o
 .debug_aranges
                0x0000000000000060       0x78 gps.o
 .debug_aranges
                0x00000000000000d8       0x50 led.o
 .debug_aranges
                0x0000000000000128       0x20 main.o
 .debug_aranges
                0x0000000000000148       0xf8 ../libopencm3/lib/libopencm3_stm32f0.a(rcc.o)
 .debug_aranges
                0x0000000000000240       0xe8 ../libopencm3/lib/libopencm3_stm32f0.a(usart.o)
 .debug_aranges
                0x0000000000000328       0x50 ../libopencm3/lib/libopencm3_stm32f0.a(gpio_common_all.o)
 .debug_aranges
                0x0000000000000378       0x30 ../libopencm3/lib/libopencm3_stm32f0.a(gpio_common_f0234.o)
 .debug_aranges
                0x00000000000003a8       0x40 ../libopencm3/lib/libopencm3_stm32f0.a(iwdg_common_all.o)
 .debug_aranges
                0x00000000000003e8       0x30 ../libopencm3/lib/libopencm3_stm32f0.a(vector.o)

.debug_ranges   0x0000000000000000      0x3b0
 .debug_ranges  0x0000000000000000       0x50 eeprom.o
 .debug_ranges  0x0000000000000050       0x68 gps.o
 .debug_ranges  0x00000000000000b8       0x40 led.o
 .debug_ranges  0x00000000000000f8       0x10 main.o
 .debug_ranges  0x0000000000000108       0xe8 ../libopencm3/lib/libopencm3_stm32f0.a(rcc.o)
 .debug_ranges  0x00000000000001f0      0x110 ../libopencm3/lib/libopencm3_stm32f0.a(usart.o)
 .debug_ranges  0x0000000000000300       0x40 ../libopencm3/lib/libopencm3_stm32f0.a(gpio_common_all.o)
 .debug_ranges  0x0000000000000340       0x20 ../libopencm3/lib/libopencm3_stm32f0.a(gpio_common_f0234.o)
 .debug_ranges  0x0000000000000360       0x30 ../libopencm3/lib/libopencm3_stm32f0.a(iwdg_common_all.o)
 .debug_ranges  0x0000000000000390       0x20 ../libopencm3/lib/libopencm3_stm32f0.a(vector.o)

.debug_line     0x0000000000000000     0x1cc3
 .debug_line    0x0000000000000000      0x1c7 eeprom.o
 .debug_line    0x00000000000001c7      0x326 gps.o
 .debug_line    0x00000000000004ed      0x1b2 led.o
 .debug_line    0x000000000000069f      0x167 main.o
 .debug_line    0x0000000000000806      0x527 ../libopencm3/lib/libopencm3_stm32f0.a(rcc.o)
 .debug_line    0x0000000000000d2d      0x469 ../libopencm3/lib/libopencm3_stm32f0.a(usart.o)
 .debug_line    0x0000000000001196      0x2e5 ../libopencm3/lib/libopencm3_stm32f0.a(gpio_common_all.o)
 .debug_line    0x000000000000147b      0x2db ../libopencm3/lib/libopencm3_stm32f0.a(gpio_common_f0234.o)
 .debug_line    0x0000000000001756      0x2b5 ../libopencm3/lib/libopencm3_stm32f0.a(iwdg_common_all.o)
 .debug_line    0x0000000000001a0b      0x2b8 ../libopencm3/lib/libopencm3_stm32f0.a(vector.o)

.debug_str      0x0000000000000000     0xba34
 .debug_str     0x0000000000000000      0x241 eeprom.o
                                        0x2e0 (size before relaxing)
 .debug_str     0x0000000000000241      0x208 gps.o
                                        0x3b0 (size before relaxing)
 .debug_str     0x0000000000000449      0x17c led.o
                                        0x342 (size before relaxing)
 .debug_str     0x00000000000005c5       0x6c main.o
                                        0x33d (size before relaxing)
 .debug_str     0x0000000000000631     0x6e65 ../libopencm3/lib/libopencm3_stm32f0.a(rcc.o)
                                       0x6ff8 (size before relaxing)
 .debug_str     0x0000000000007496     0x1b55 ../libopencm3/lib/libopencm3_stm32f0.a(usart.o)
                                       0x7f45 (size before relaxing)
 .debug_str     0x0000000000008feb     0x14d1 ../libopencm3/lib/libopencm3_stm32f0.a(gpio_common_all.o)
                                       0x54b4 (size before relaxing)
 .debug_str     0x000000000000a4bc       0x67 ../libopencm3/lib/libopencm3_stm32f0.a(gpio_common_f0234.o)
                                       0x54d6 (size before relaxing)
 .debug_str     0x000000000000a523      0x292 ../libopencm3/lib/libopencm3_stm32f0.a(iwdg_common_all.o)
                                       0x424e (size before relaxing)
 .debug_str     0x000000000000a7b5     0x127f ../libopencm3/lib/libopencm3_stm32f0.a(vector.o)
                                       0x4946 (size before relaxing)

.comment        0x0000000000000000       0x6e
 .comment       0x0000000000000000       0x6e eeprom.o
                                         0x6f (size before relaxing)
 .comment       0x000000000000006e       0x6f gps.o
 .comment       0x000000000000006e       0x6f led.o
 .comment       0x000000000000006e       0x6f main.o
 .comment       0x000000000000006e       0x6f ../libopencm3/lib/libopencm3_stm32f0.a(rcc.o)
 .comment       0x000000000000006e       0x6f ../libopencm3/lib/libopencm3_stm32f0.a(usart.o)
 .comment       0x000000000000006e       0x6f ../libopencm3/lib/libopencm3_stm32f0.a(gpio_common_all.o)
 .comment       0x000000000000006e       0x6f ../libopencm3/lib/libopencm3_stm32f0.a(gpio_common_f0234.o)
 .comment       0x000000000000006e       0x6f ../libopencm3/lib/libopencm3_stm32f0.a(iwdg_common_all.o)
 .comment       0x000000000000006e       0x6f ../libopencm3/lib/libopencm3_stm32f0.a(vector.o)

.ARM.attributes
                0x0000000000000000       0x2f
 .ARM.attributes
                0x0000000000000000       0x31 eeprom.o
 .ARM.attributes
                0x0000000000000031       0x31 gps.o
 .ARM.attributes
                0x0000000000000062       0x31 led.o
 .ARM.attributes
                0x0000000000000093       0x31 main.o
 .ARM.attributes
                0x00000000000000c4       0x31 ../libopencm3/lib/libopencm3_stm32f0.a(rcc.o)
 .ARM.attributes
                0x00000000000000f5       0x31 ../libopencm3/lib/libopencm3_stm32f0.a(usart.o)
 .ARM.attributes
                0x0000000000000126       0x31 ../libopencm3/lib/libopencm3_stm32f0.a(gpio_common_all.o)
 .ARM.attributes
                0x0000000000000157       0x31 ../libopencm3/lib/libopencm3_stm32f0.a(gpio_common_f0234.o)
 .ARM.attributes
                0x0000000000000188       0x31 ../libopencm3/lib/libopencm3_stm32f0.a(iwdg_common_all.o)
 .ARM.attributes
                0x00000000000001b9       0x31 ../libopencm3/lib/libopencm3_stm32f0.a(vector.o)
 .ARM.attributes
                0x00000000000001ea       0x2c /usr/bin/../lib/gcc/arm-none-eabi/5.4.1/../../../../arm-none-eabi/lib/armv6-m/libc.a(lib_a-memcpy-stub.o)
 .ARM.attributes
                0x0000000000000216       0x2c /usr/bin/../lib/gcc/arm-none-eabi/5.4.1/../../../../arm-none-eabi/lib/armv6-m/libc.a(lib_a-memset.o)
 .ARM.attributes
                0x0000000000000242       0x2c /usr/bin/../lib/gcc/arm-none-eabi/5.4.1/../../../../arm-none-eabi/lib/armv6-m/libc.a(lib_a-sprintf.o)
 .ARM.attributes
                0x000000000000026e       0x2c /usr/bin/../lib/gcc/arm-none-eabi/5.4.1/../../../../arm-none-eabi/lib/armv6-m/libc.a(lib_a-svfprintf.o)
 .ARM.attributes
                0x000000000000029a       0x2c /usr/bin/../lib/gcc/arm-none-eabi/5.4.1/../../../../arm-none-eabi/lib/armv6-m/libc.a(lib_a-dtoa.o)
 .ARM.attributes
                0x00000000000002c6       0x2c /usr/bin/../lib/gcc/arm-none-eabi/5.4.1/../../../../arm-none-eabi/lib/armv6-m/libc.a(lib_a-impure.o)
 .ARM.attributes
                0x00000000000002f2       0x2c /usr/bin/../lib/gcc/arm-none-eabi/5.4.1/../../../../arm-none-eabi/lib/armv6-m/libc.a(lib_a-locale.o)
 .ARM.attributes
                0x000000000000031e       0x2c /usr/bin/../lib/gcc/arm-none-eabi/5.4.1/../../../../arm-none-eabi/lib/armv6-m/libc.a(lib_a-mallocr.o)
 .ARM.attributes
                0x000000000000034a       0x2c /usr/bin/../lib/gcc/arm-none-eabi/5.4.1/../../../../arm-none-eabi/lib/armv6-m/libc.a(lib_a-memchr-stub.o)
 .ARM.attributes
                0x0000000000000376       0x2c /usr/bin/../lib/gcc/arm-none-eabi/5.4.1/../../../../arm-none-eabi/lib/armv6-m/libc.a(lib_a-mlock.o)
 .ARM.attributes
                0x00000000000003a2       0x2c /usr/bin/../lib/gcc/arm-none-eabi/5.4.1/../../../../arm-none-eabi/lib/armv6-m/libc.a(lib_a-mprec.o)
 .ARM.attributes
                0x00000000000003ce       0x2c /usr/bin/../lib/gcc/arm-none-eabi/5.4.1/../../../../arm-none-eabi/lib/armv6-m/libc.a(lib_a-sbrkr.o)
 .ARM.attributes
                0x00000000000003fa       0x2c /usr/bin/../lib/gcc/arm-none-eabi/5.4.1/../../../../arm-none-eabi/lib/armv6-m/libc.a(lib_a-strlen-stub.o)
 .ARM.attributes
                0x0000000000000426       0x2c /usr/bin/../lib/gcc/arm-none-eabi/5.4.1/../../../../arm-none-eabi/lib/armv6-m/libc.a(lib_a-svfiprintf.o)
 .ARM.attributes
                0x0000000000000452       0x2c /usr/bin/../lib/gcc/arm-none-eabi/5.4.1/../../../../arm-none-eabi/lib/armv6-m/libc.a(lib_a-callocr.o)
 .ARM.attributes
                0x000000000000047e       0x2c /usr/bin/../lib/gcc/arm-none-eabi/5.4.1/../../../../arm-none-eabi/lib/armv6-m/libc.a(lib_a-freer.o)
 .ARM.attributes
                0x00000000000004aa       0x2c /usr/bin/../lib/gcc/arm-none-eabi/5.4.1/../../../../arm-none-eabi/lib/armv6-m/libc.a(lib_a-memmove.o)
 .ARM.attributes
                0x00000000000004d6       0x2c /usr/bin/../lib/gcc/arm-none-eabi/5.4.1/../../../../arm-none-eabi/lib/armv6-m/libc.a(lib_a-reallocr.o)
 .ARM.attributes
                0x0000000000000502       0x2c /usr/bin/../lib/gcc/arm-none-eabi/5.4.1/../../../../arm-none-eabi/lib/armv6-m/libc.a(lib_a-reent.o)
 .ARM.attributes
                0x000000000000052e       0x1e /usr/bin/../lib/gcc/arm-none-eabi/5.4.1/armv6-m/libgcc.a(_thumb1_case_uqi.o)
 .ARM.attributes
                0x000000000000054c       0x1e /usr/bin/../lib/gcc/arm-none-eabi/5.4.1/armv6-m/libgcc.a(_udivsi3.o)
 .ARM.attributes
                0x000000000000056a       0x1e /usr/bin/../lib/gcc/arm-none-eabi/5.4.1/armv6-m/libgcc.a(_divsi3.o)
 .ARM.attributes
                0x0000000000000588       0x1e /usr/bin/../lib/gcc/arm-none-eabi/5.4.1/armv6-m/libgcc.a(_dvmd_tls.o)
 .ARM.attributes
                0x00000000000005a6       0x1e /usr/bin/../lib/gcc/arm-none-eabi/5.4.1/armv6-m/libgcc.a(_arm_cmpdf2.o)
 .ARM.attributes
                0x00000000000005c4       0x1e /usr/bin/../lib/gcc/arm-none-eabi/5.4.1/armv6-m/libgcc.a(_aeabi_uldivmod.o)
 .ARM.attributes
                0x00000000000005e2       0x2c /usr/bin/../lib/gcc/arm-none-eabi/5.4.1/armv6-m/libgcc.a(_udivmoddi4.o)
 .ARM.attributes
                0x000000000000060e       0x2c /usr/bin/../lib/gcc/arm-none-eabi/5.4.1/armv6-m/libgcc.a(adddf3.o)
 .ARM.attributes
                0x000000000000063a       0x2c /usr/bin/../lib/gcc/arm-none-eabi/5.4.1/armv6-m/libgcc.a(divdf3.o)
 .ARM.attributes
                0x0000000000000666       0x2c /usr/bin/../lib/gcc/arm-none-eabi/5.4.1/armv6-m/libgcc.a(eqdf2.o)
 .ARM.attributes
                0x0000000000000692       0x2c /usr/bin/../lib/gcc/arm-none-eabi/5.4.1/armv6-m/libgcc.a(gedf2.o)
 .ARM.attributes
                0x00000000000006be       0x2c /usr/bin/../lib/gcc/arm-none-eabi/5.4.1/armv6-m/libgcc.a(ledf2.o)
 .ARM.attributes
                0x00000000000006ea       0x2c /usr/bin/../lib/gcc/arm-none-eabi/5.4.1/armv6-m/libgcc.a(muldf3.o)
 .ARM.attributes
                0x0000000000000716       0x2c /usr/bin/../lib/gcc/arm-none-eabi/5.4.1/armv6-m/libgcc.a(subdf3.o)
 .ARM.attributes
                0x0000000000000742       0x2c /usr/bin/../lib/gcc/arm-none-eabi/5.4.1/armv6-m/libgcc.a(unorddf2.o)
 .ARM.attributes
                0x000000000000076e       0x2c /usr/bin/../lib/gcc/arm-none-eabi/5.4.1/armv6-m/libgcc.a(fixdfsi.o)
 .ARM.attributes
                0x000000000000079a       0x2c /usr/bin/../lib/gcc/arm-none-eabi/5.4.1/armv6-m/libgcc.a(floatsidf.o)
 .ARM.attributes
                0x00000000000007c6       0x2c /usr/bin/../lib/gcc/arm-none-eabi/5.4.1/armv6-m/libgcc.a(floatunsidf.o)
 .ARM.attributes
                0x00000000000007f2       0x1e /usr/bin/../lib/gcc/arm-none-eabi/5.4.1/armv6-m/libgcc.a(_clzsi2.o)
 .ARM.attributes
                0x0000000000000810       0x1e /usr/bin/../lib/gcc/arm-none-eabi/5.4.1/armv6-m/libgcc.a(_clzdi2.o)
 .ARM.attributes
                0x000000000000082e       0x2c /usr/bin/../lib/gcc/arm-none-eabi/5.4.1/../../../../arm-none-eabi/lib/armv6-m/libnosys.a(sbrk.o)

.debug_frame    0x0000000000000000     0x12b8
 .debug_frame   0x0000000000000000      0x104 eeprom.o
 .debug_frame   0x0000000000000104      0x16c gps.o
 .debug_frame   0x0000000000000270       0xb0 led.o
 .debug_frame   0x0000000000000320       0x30 main.o
 .debug_frame   0x0000000000000350      0x250 ../libopencm3/lib/libopencm3_stm32f0.a(rcc.o)
 .debug_frame   0x00000000000005a0      0x1cc ../libopencm3/lib/libopencm3_stm32f0.a(usart.o)
 .debug_frame   0x000000000000076c       0x80 ../libopencm3/lib/libopencm3_stm32f0.a(gpio_common_all.o)
 .debug_frame   0x00000000000007ec       0x78 ../libopencm3/lib/libopencm3_stm32f0.a(gpio_common_f0234.o)
 .debug_frame   0x0000000000000864       0x6c ../libopencm3/lib/libopencm3_stm32f0.a(iwdg_common_all.o)
 .debug_frame   0x00000000000008d0       0x40 ../libopencm3/lib/libopencm3_stm32f0.a(vector.o)
 .debug_frame   0x0000000000000910       0x2c /usr/bin/../lib/gcc/arm-none-eabi/5.4.1/../../../../arm-none-eabi/lib/armv6-m/libc.a(lib_a-memcpy-stub.o)
 .debug_frame   0x000000000000093c       0x2c /usr/bin/../lib/gcc/arm-none-eabi/5.4.1/../../../../arm-none-eabi/lib/armv6-m/libc.a(lib_a-memset.o)
 .debug_frame   0x0000000000000968       0x50 /usr/bin/../lib/gcc/arm-none-eabi/5.4.1/../../../../arm-none-eabi/lib/armv6-m/libc.a(lib_a-sprintf.o)
 .debug_frame   0x00000000000009b8       0x3c /usr/bin/../lib/gcc/arm-none-eabi/5.4.1/../../../../arm-none-eabi/lib/armv6-m/libc.a(lib_a-svfprintf.o)
 .debug_frame   0x00000000000009f4       0x68 /usr/bin/../lib/gcc/arm-none-eabi/5.4.1/../../../../arm-none-eabi/lib/armv6-m/libc.a(lib_a-dtoa.o)
 .debug_frame   0x0000000000000a5c       0xa4 /usr/bin/../lib/gcc/arm-none-eabi/5.4.1/../../../../arm-none-eabi/lib/armv6-m/libc.a(lib_a-locale.o)
 .debug_frame   0x0000000000000b00       0x3c /usr/bin/../lib/gcc/arm-none-eabi/5.4.1/../../../../arm-none-eabi/lib/armv6-m/libc.a(lib_a-mallocr.o)
 .debug_frame   0x0000000000000b3c       0x2c /usr/bin/../lib/gcc/arm-none-eabi/5.4.1/../../../../arm-none-eabi/lib/armv6-m/libc.a(lib_a-memchr-stub.o)
 .debug_frame   0x0000000000000b68       0x30 /usr/bin/../lib/gcc/arm-none-eabi/5.4.1/../../../../arm-none-eabi/lib/armv6-m/libc.a(lib_a-mlock.o)
 .debug_frame   0x0000000000000b98      0x258 /usr/bin/../lib/gcc/arm-none-eabi/5.4.1/../../../../arm-none-eabi/lib/armv6-m/libc.a(lib_a-mprec.o)
 .debug_frame   0x0000000000000df0       0x2c /usr/bin/../lib/gcc/arm-none-eabi/5.4.1/../../../../arm-none-eabi/lib/armv6-m/libc.a(lib_a-sbrkr.o)
 .debug_frame   0x0000000000000e1c       0x28 /usr/bin/../lib/gcc/arm-none-eabi/5.4.1/../../../../arm-none-eabi/lib/armv6-m/libc.a(lib_a-strlen-stub.o)
 .debug_frame   0x0000000000000e44       0x68 /usr/bin/../lib/gcc/arm-none-eabi/5.4.1/../../../../arm-none-eabi/lib/armv6-m/libc.a(lib_a-svfiprintf.o)
 .debug_frame   0x0000000000000eac       0x28 /usr/bin/../lib/gcc/arm-none-eabi/5.4.1/../../../../arm-none-eabi/lib/armv6-m/libc.a(lib_a-callocr.o)
 .debug_frame   0x0000000000000ed4       0x54 /usr/bin/../lib/gcc/arm-none-eabi/5.4.1/../../../../arm-none-eabi/lib/armv6-m/libc.a(lib_a-freer.o)
 .debug_frame   0x0000000000000f28       0x2c /usr/bin/../lib/gcc/arm-none-eabi/5.4.1/../../../../arm-none-eabi/lib/armv6-m/libc.a(lib_a-memmove.o)
 .debug_frame   0x0000000000000f54       0x3c /usr/bin/../lib/gcc/arm-none-eabi/5.4.1/../../../../arm-none-eabi/lib/armv6-m/libc.a(lib_a-reallocr.o)
 .debug_frame   0x0000000000000f90       0x48 /usr/bin/../lib/gcc/arm-none-eabi/5.4.1/../../../../arm-none-eabi/lib/armv6-m/libc.a(lib_a-reent.o)
 .debug_frame   0x0000000000000fd8       0x20 /usr/bin/../lib/gcc/arm-none-eabi/5.4.1/armv6-m/libgcc.a(_udivsi3.o)
 .debug_frame   0x0000000000000ff8       0x20 /usr/bin/../lib/gcc/arm-none-eabi/5.4.1/armv6-m/libgcc.a(_divsi3.o)
 .debug_frame   0x0000000000001018       0x3c /usr/bin/../lib/gcc/arm-none-eabi/5.4.1/armv6-m/libgcc.a(_udivmoddi4.o)
 .debug_frame   0x0000000000001054       0x3c /usr/bin/../lib/gcc/arm-none-eabi/5.4.1/armv6-m/libgcc.a(adddf3.o)
 .debug_frame   0x0000000000001090       0x3c /usr/bin/../lib/gcc/arm-none-eabi/5.4.1/armv6-m/libgcc.a(divdf3.o)
 .debug_frame   0x00000000000010cc       0x38 /usr/bin/../lib/gcc/arm-none-eabi/5.4.1/armv6-m/libgcc.a(eqdf2.o)
 .debug_frame   0x0000000000001104       0x38 /usr/bin/../lib/gcc/arm-none-eabi/5.4.1/armv6-m/libgcc.a(gedf2.o)
 .debug_frame   0x000000000000113c       0x38 /usr/bin/../lib/gcc/arm-none-eabi/5.4.1/armv6-m/libgcc.a(ledf2.o)
 .debug_frame   0x0000000000001174       0x3c /usr/bin/../lib/gcc/arm-none-eabi/5.4.1/armv6-m/libgcc.a(muldf3.o)
 .debug_frame   0x00000000000011b0       0x38 /usr/bin/../lib/gcc/arm-none-eabi/5.4.1/armv6-m/libgcc.a(subdf3.o)
 .debug_frame   0x00000000000011e8       0x2c /usr/bin/../lib/gcc/arm-none-eabi/5.4.1/armv6-m/libgcc.a(unorddf2.o)
 .debug_frame   0x0000000000001214       0x2c /usr/bin/../lib/gcc/arm-none-eabi/5.4.1/armv6-m/libgcc.a(fixdfsi.o)
 .debug_frame   0x0000000000001240       0x2c /usr/bin/../lib/gcc/arm-none-eabi/5.4.1/armv6-m/libgcc.a(floatsidf.o)
 .debug_frame   0x000000000000126c       0x2c /usr/bin/../lib/gcc/arm-none-eabi/5.4.1/armv6-m/libgcc.a(floatunsidf.o)
 .debug_frame   0x0000000000001298       0x20 /usr/bin/../lib/gcc/arm-none-eabi/5.4.1/../../../../arm-none-eabi/lib/armv6-m/libnosys.a(sbrk.o)

.debug_macro    0x0000000000000000     0x2a2e
 .debug_macro   0x0000000000000000       0xe0 ../libopencm3/lib/libopencm3_stm32f0.a(rcc.o)
 .debug_macro   0x00000000000000e0      0x826 ../libopencm3/lib/libopencm3_stm32f0.a(rcc.o)
 .debug_macro   0x0000000000000906       0x22 ../libopencm3/lib/libopencm3_stm32f0.a(rcc.o)
 .debug_macro   0x0000000000000928       0x87 ../libopencm3/lib/libopencm3_stm32f0.a(rcc.o)
 .debug_macro   0x00000000000009af       0x44 ../libopencm3/lib/libopencm3_stm32f0.a(rcc.o)
 .debug_macro   0x00000000000009f3       0xfd ../libopencm3/lib/libopencm3_stm32f0.a(rcc.o)
 .debug_macro   0x0000000000000af0       0x5e ../libopencm3/lib/libopencm3_stm32f0.a(rcc.o)
 .debug_macro   0x0000000000000b4e      0x1df ../libopencm3/lib/libopencm3_stm32f0.a(rcc.o)
 .debug_macro   0x0000000000000d2d       0x22 ../libopencm3/lib/libopencm3_stm32f0.a(rcc.o)
 .debug_macro   0x0000000000000d4f       0xfa ../libopencm3/lib/libopencm3_stm32f0.a(rcc.o)
 .debug_macro   0x0000000000000e49       0x16 ../libopencm3/lib/libopencm3_stm32f0.a(rcc.o)
 .debug_macro   0x0000000000000e5f       0x34 ../libopencm3/lib/libopencm3_stm32f0.a(rcc.o)
 .debug_macro   0x0000000000000e93      0x15a ../libopencm3/lib/libopencm3_stm32f0.a(rcc.o)
 .debug_macro   0x0000000000000fed      0x71c ../libopencm3/lib/libopencm3_stm32f0.a(rcc.o)
 .debug_macro   0x0000000000001709       0xdc ../libopencm3/lib/libopencm3_stm32f0.a(rcc.o)
 .debug_macro   0x00000000000017e5       0xd0 ../libopencm3/lib/libopencm3_stm32f0.a(rcc.o)
 .debug_macro   0x00000000000018b5       0xc2 ../libopencm3/lib/libopencm3_stm32f0.a(usart.o)
 .debug_macro   0x0000000000001977      0x55c ../libopencm3/lib/libopencm3_stm32f0.a(usart.o)
 .debug_macro   0x0000000000001ed3       0xd7 ../libopencm3/lib/libopencm3_stm32f0.a(gpio_common_all.o)
 .debug_macro   0x0000000000001faa       0x76 ../libopencm3/lib/libopencm3_stm32f0.a(gpio_common_all.o)
 .debug_macro   0x0000000000002020      0x2e6 ../libopencm3/lib/libopencm3_stm32f0.a(gpio_common_all.o)
 .debug_macro   0x0000000000002306      0x14e ../libopencm3/lib/libopencm3_stm32f0.a(gpio_common_all.o)
 .debug_macro   0x0000000000002454       0x3a ../libopencm3/lib/libopencm3_stm32f0.a(gpio_common_all.o)
 .debug_macro   0x000000000000248e       0xd7 ../libopencm3/lib/libopencm3_stm32f0.a(gpio_common_f0234.o)
 .debug_macro   0x0000000000002565       0xcb ../libopencm3/lib/libopencm3_stm32f0.a(iwdg_common_all.o)
 .debug_macro   0x0000000000002630       0x70 ../libopencm3/lib/libopencm3_stm32f0.a(iwdg_common_all.o)
 .debug_macro   0x00000000000026a0       0x10 ../libopencm3/lib/libopencm3_stm32f0.a(iwdg_common_all.o)
 .debug_macro   0x00000000000026b0       0xd0 ../libopencm3/lib/libopencm3_stm32f0.a(vector.o)
 .debug_macro   0x0000000000002780      0x19e ../libopencm3/lib/libopencm3_stm32f0.a(vector.o)
 .debug_macro   0x000000000000291e       0x46 ../libopencm3/lib/libopencm3_stm32f0.a(vector.o)
 .debug_macro   0x0000000000002964       0xca ../libopencm3/lib/libopencm3_stm32f0.a(vector.o)
